// Jest Snapshot v1, https://goo.gl/fbAQLP

exports[`generate completions 1`] = `
Array [
  "antialiased",
  "subpixel-antialiased",
  "italic",
  "not-italic",
  "normal-nums",
  "ordinal",
  "slashed-zero",
  "lining-nums",
  "oldstyle-nums",
  "proportional-nums",
  "tabular-nums",
  "diagonal-fractions",
  "stacked-fractions",
  "sans",
  "serif",
  "mono",
  "thin",
  "extralight",
  "light",
  "normal",
  "medium",
  "semibold",
  "bold",
  "extrabold",
  "black",
  "tracking-tighter",
  "tracking-tight",
  "tracking-normal",
  "tracking-wide",
  "tracking-wider",
  "tracking-widest",
  "tracking-[var(--tracking)]",
  "leading-3",
  "leading-4",
  "leading-5",
  "leading-6",
  "leading-7",
  "leading-8",
  "leading-9",
  "leading-10",
  "leading-none",
  "leading-tight",
  "leading-snug",
  "leading-normal",
  "leading-relaxed",
  "leading-loose",
  "leading-[var(--leading)]",
]
`;
